// Jest Snapshot v1, https://goo.gl/fbAQLP

exports[`App component should render App successfully 1`] = `
ShallowWrapper {
  Symbol(enzyme.__root__): ShallowWrapper {
    Symbol(enzyme.__root__): [Circular],
    Symbol(enzyme.__unrendered__): <App />,
    Symbol(enzyme.__renderer__): Object {
      "batchedUpdates": [Function],
      "getNode": [Function],
      "render": [Function],
      "simulateError": [Function],
      "simulateEvent": [Function],
      "unmount": [Function],
    },
    Symbol(enzyme.__node__): Object {
      "instance": null,
      "key": undefined,
      "nodeType": "host",
      "props": Object {
        "children": Array [
          <header
            className="app-header"
          >
            <h1>
              Rock Paper Scissors
            </h1>
          </header>,
          <main>
            <img
              alt="logo"
              className="app-logo"
              src="logo.svg"
            />
          </main>,
          <footer>
            <div
              className="play-button"
              onClick={[Function]}
            >
              <a
                className="waves-effect waves-light btn-large"
              >
                <i
                  className="material-icons right"
                >
                  play_arrow
                </i>
                play
              </a>
            </div>
            <span
              className="footer-text"
            >
              2018 ©
            </span>
          </footer>,
        ],
        "className": "App",
      },
      "ref": null,
      "rendered": Array [
        Object {
          "instance": null,
          "key": undefined,
          "nodeType": "host",
          "props": Object {
            "children": <h1>
              Rock Paper Scissors
            </h1>,
            "className": "app-header",
          },
          "ref": null,
          "rendered": Object {
            "instance": null,
            "key": undefined,
            "nodeType": "host",
            "props": Object {
              "children": "Rock Paper Scissors",
            },
            "ref": null,
            "rendered": "Rock Paper Scissors",
            "type": "h1",
          },
          "type": "header",
        },
        Object {
          "instance": null,
          "key": undefined,
          "nodeType": "host",
          "props": Object {
            "children": <img
              alt="logo"
              className="app-logo"
              src="logo.svg"
            />,
          },
          "ref": null,
          "rendered": Object {
            "instance": null,
            "key": undefined,
            "nodeType": "host",
            "props": Object {
              "alt": "logo",
              "className": "app-logo",
              "src": "logo.svg",
            },
            "ref": null,
            "rendered": null,
            "type": "img",
          },
          "type": "main",
        },
        Object {
          "instance": null,
          "key": undefined,
          "nodeType": "host",
          "props": Object {
            "children": Array [
              <div
                className="play-button"
                onClick={[Function]}
              >
                <a
                  className="waves-effect waves-light btn-large"
                >
                  <i
                    className="material-icons right"
                  >
                    play_arrow
                  </i>
                  play
                </a>
              </div>,
              <span
                className="footer-text"
              >
                2018 ©
              </span>,
            ],
          },
          "ref": null,
          "rendered": Array [
            Object {
              "instance": null,
              "key": undefined,
              "nodeType": "host",
              "props": Object {
                "children": <a
                  className="waves-effect waves-light btn-large"
                >
                  <i
                    className="material-icons right"
                  >
                    play_arrow
                  </i>
                  play
                </a>,
                "className": "play-button",
                "onClick": [Function],
              },
              "ref": null,
              "rendered": Object {
                "instance": null,
                "key": undefined,
                "nodeType": "host",
                "props": Object {
                  "children": Array [
                    <i
                      className="material-icons right"
                    >
                      play_arrow
                    </i>,
                    "play",
                  ],
                  "className": "waves-effect waves-light btn-large",
                },
                "ref": null,
                "rendered": Array [
                  Object {
                    "instance": null,
                    "key": undefined,
                    "nodeType": "host",
                    "props": Object {
                      "children": "play_arrow",
                      "className": "material-icons right",
                    },
                    "ref": null,
                    "rendered": "play_arrow",
                    "type": "i",
                  },
                  "play",
                ],
                "type": "a",
              },
              "type": "div",
            },
            Object {
              "instance": null,
              "key": undefined,
              "nodeType": "host",
              "props": Object {
                "children": "2018 ©",
                "className": "footer-text",
              },
              "ref": null,
              "rendered": "2018 ©",
              "type": "span",
            },
          ],
          "type": "footer",
        },
      ],
      "type": "div",
    },
    Symbol(enzyme.__nodes__): Array [
      Object {
        "instance": null,
        "key": undefined,
        "nodeType": "host",
        "props": Object {
          "children": Array [
            <header
              className="app-header"
            >
              <h1>
                Rock Paper Scissors
              </h1>
            </header>,
            <main>
              <img
                alt="logo"
                className="app-logo"
                src="logo.svg"
              />
            </main>,
            <footer>
              <div
                className="play-button"
                onClick={[Function]}
              >
                <a
                  className="waves-effect waves-light btn-large"
                >
                  <i
                    className="material-icons right"
                  >
                    play_arrow
                  </i>
                  play
                </a>
              </div>
              <span
                className="footer-text"
              >
                2018 ©
              </span>
            </footer>,
          ],
          "className": "App",
        },
        "ref": null,
        "rendered": Array [
          Object {
            "instance": null,
            "key": undefined,
            "nodeType": "host",
            "props": Object {
              "children": <h1>
                Rock Paper Scissors
              </h1>,
              "className": "app-header",
            },
            "ref": null,
            "rendered": Object {
              "instance": null,
              "key": undefined,
              "nodeType": "host",
              "props": Object {
                "children": "Rock Paper Scissors",
              },
              "ref": null,
              "rendered": "Rock Paper Scissors",
              "type": "h1",
            },
            "type": "header",
          },
          Object {
            "instance": null,
            "key": undefined,
            "nodeType": "host",
            "props": Object {
              "children": <img
                alt="logo"
                className="app-logo"
                src="logo.svg"
              />,
            },
            "ref": null,
            "rendered": Object {
              "instance": null,
              "key": undefined,
              "nodeType": "host",
              "props": Object {
                "alt": "logo",
                "className": "app-logo",
                "src": "logo.svg",
              },
              "ref": null,
              "rendered": null,
              "type": "img",
            },
            "type": "main",
          },
          Object {
            "instance": null,
            "key": undefined,
            "nodeType": "host",
            "props": Object {
              "children": Array [
                <div
                  className="play-button"
                  onClick={[Function]}
                >
                  <a
                    className="waves-effect waves-light btn-large"
                  >
                    <i
                      className="material-icons right"
                    >
                      play_arrow
                    </i>
                    play
                  </a>
                </div>,
                <span
                  className="footer-text"
                >
                  2018 ©
                </span>,
              ],
            },
            "ref": null,
            "rendered": Array [
              Object {
                "instance": null,
                "key": undefined,
                "nodeType": "host",
                "props": Object {
                  "children": <a
                    className="waves-effect waves-light btn-large"
                  >
                    <i
                      className="material-icons right"
                    >
                      play_arrow
                    </i>
                    play
                  </a>,
                  "className": "play-button",
                  "onClick": [Function],
                },
                "ref": null,
                "rendered": Object {
                  "instance": null,
                  "key": undefined,
                  "nodeType": "host",
                  "props": Object {
                    "children": Array [
                      <i
                        className="material-icons right"
                      >
                        play_arrow
                      </i>,
                      "play",
                    ],
                    "className": "waves-effect waves-light btn-large",
                  },
                  "ref": null,
                  "rendered": Array [
                    Object {
                      "instance": null,
                      "key": undefined,
                      "nodeType": "host",
                      "props": Object {
                        "children": "play_arrow",
                        "className": "material-icons right",
                      },
                      "ref": null,
                      "rendered": "play_arrow",
                      "type": "i",
                    },
                    "play",
                  ],
                  "type": "a",
                },
                "type": "div",
              },
              Object {
                "instance": null,
                "key": undefined,
                "nodeType": "host",
                "props": Object {
                  "children": "2018 ©",
                  "className": "footer-text",
                },
                "ref": null,
                "rendered": "2018 ©",
                "type": "span",
              },
            ],
            "type": "footer",
          },
        ],
        "type": "div",
      },
    ],
    Symbol(enzyme.__options__): Object {
      "adapter": ReactSixteenAdapter {
        "options": Object {
          "enableComponentDidUpdateOnSetState": true,
          "lifecycles": Object {
            "componentDidUpdate": Object {
              "onSetState": true,
            },
            "getDerivedStateFromProps": true,
            "getSnapshotBeforeUpdate": true,
            "setState": Object {
              "skipsComponentDidUpdateOnNullish": true,
            },
          },
        },
      },
    },
  },
  Symbol(enzyme.__unrendered__): null,
  Symbol(enzyme.__renderer__): Object {
    "batchedUpdates": [Function],
    "getNode": [Function],
    "render": [Function],
    "simulateError": [Function],
    "simulateEvent": [Function],
    "unmount": [Function],
  },
  Symbol(enzyme.__node__): Object {
    "instance": null,
    "key": undefined,
    "nodeType": "host",
    "props": Object {
      "children": Array [
        <header
          className="app-header"
        >
          <h1>
            Rock Paper Scissors
          </h1>
        </header>,
        <main>
          <img
            alt="logo"
            className="app-logo"
            src="logo.svg"
          />
        </main>,
        <footer>
          <div
            className="play-button"
            onClick={[Function]}
          >
            <a
              className="waves-effect waves-light btn-large"
            >
              <i
                className="material-icons right"
              >
                play_arrow
              </i>
              play
            </a>
          </div>
          <span
            className="footer-text"
          >
            2018 ©
          </span>
        </footer>,
      ],
      "className": "App",
    },
    "ref": null,
    "rendered": Array [
      Object {
        "instance": null,
        "key": undefined,
        "nodeType": "host",
        "props": Object {
          "children": <h1>
            Rock Paper Scissors
          </h1>,
          "className": "app-header",
        },
        "ref": null,
        "rendered": Object {
          "instance": null,
          "key": undefined,
          "nodeType": "host",
          "props": Object {
            "children": "Rock Paper Scissors",
          },
          "ref": null,
          "rendered": "Rock Paper Scissors",
          "type": "h1",
        },
        "type": "header",
      },
      Object {
        "instance": null,
        "key": undefined,
        "nodeType": "host",
        "props": Object {
          "children": <img
            alt="logo"
            className="app-logo"
            src="logo.svg"
          />,
        },
        "ref": null,
        "rendered": Object {
          "instance": null,
          "key": undefined,
          "nodeType": "host",
          "props": Object {
            "alt": "logo",
            "className": "app-logo",
            "src": "logo.svg",
          },
          "ref": null,
          "rendered": null,
          "type": "img",
        },
        "type": "main",
      },
      Object {
        "instance": null,
        "key": undefined,
        "nodeType": "host",
        "props": Object {
          "children": Array [
            <div
              className="play-button"
              onClick={[Function]}
            >
              <a
                className="waves-effect waves-light btn-large"
              >
                <i
                  className="material-icons right"
                >
                  play_arrow
                </i>
                play
              </a>
            </div>,
            <span
              className="footer-text"
            >
              2018 ©
            </span>,
          ],
        },
        "ref": null,
        "rendered": Array [
          Object {
            "instance": null,
            "key": undefined,
            "nodeType": "host",
            "props": Object {
              "children": <a
                className="waves-effect waves-light btn-large"
              >
                <i
                  className="material-icons right"
                >
                  play_arrow
                </i>
                play
              </a>,
              "className": "play-button",
              "onClick": [Function],
            },
            "ref": null,
            "rendered": Object {
              "instance": null,
              "key": undefined,
              "nodeType": "host",
              "props": Object {
                "children": Array [
                  <i
                    className="material-icons right"
                  >
                    play_arrow
                  </i>,
                  "play",
                ],
                "className": "waves-effect waves-light btn-large",
              },
              "ref": null,
              "rendered": Array [
                Object {
                  "instance": null,
                  "key": undefined,
                  "nodeType": "host",
                  "props": Object {
                    "children": "play_arrow",
                    "className": "material-icons right",
                  },
                  "ref": null,
                  "rendered": "play_arrow",
                  "type": "i",
                },
                "play",
              ],
              "type": "a",
            },
            "type": "div",
          },
          Object {
            "instance": null,
            "key": undefined,
            "nodeType": "host",
            "props": Object {
              "children": "2018 ©",
              "className": "footer-text",
            },
            "ref": null,
            "rendered": "2018 ©",
            "type": "span",
          },
        ],
        "type": "footer",
      },
    ],
    "type": "div",
  },
  Symbol(enzyme.__nodes__): Array [
    Object {
      "instance": null,
      "key": undefined,
      "nodeType": "host",
      "props": Object {
        "children": Array [
          <header
            className="app-header"
          >
            <h1>
              Rock Paper Scissors
            </h1>
          </header>,
          <main>
            <img
              alt="logo"
              className="app-logo"
              src="logo.svg"
            />
          </main>,
          <footer>
            <div
              className="play-button"
              onClick={[Function]}
            >
              <a
                className="waves-effect waves-light btn-large"
              >
                <i
                  className="material-icons right"
                >
                  play_arrow
                </i>
                play
              </a>
            </div>
            <span
              className="footer-text"
            >
              2018 ©
            </span>
          </footer>,
        ],
        "className": "App",
      },
      "ref": null,
      "rendered": Array [
        Object {
          "instance": null,
          "key": undefined,
          "nodeType": "host",
          "props": Object {
            "children": <h1>
              Rock Paper Scissors
            </h1>,
            "className": "app-header",
          },
          "ref": null,
          "rendered": Object {
            "instance": null,
            "key": undefined,
            "nodeType": "host",
            "props": Object {
              "children": "Rock Paper Scissors",
            },
            "ref": null,
            "rendered": "Rock Paper Scissors",
            "type": "h1",
          },
          "type": "header",
        },
        Object {
          "instance": null,
          "key": undefined,
          "nodeType": "host",
          "props": Object {
            "children": <img
              alt="logo"
              className="app-logo"
              src="logo.svg"
            />,
          },
          "ref": null,
          "rendered": Object {
            "instance": null,
            "key": undefined,
            "nodeType": "host",
            "props": Object {
              "alt": "logo",
              "className": "app-logo",
              "src": "logo.svg",
            },
            "ref": null,
            "rendered": null,
            "type": "img",
          },
          "type": "main",
        },
        Object {
          "instance": null,
          "key": undefined,
          "nodeType": "host",
          "props": Object {
            "children": Array [
              <div
                className="play-button"
                onClick={[Function]}
              >
                <a
                  className="waves-effect waves-light btn-large"
                >
                  <i
                    className="material-icons right"
                  >
                    play_arrow
                  </i>
                  play
                </a>
              </div>,
              <span
                className="footer-text"
              >
                2018 ©
              </span>,
            ],
          },
          "ref": null,
          "rendered": Array [
            Object {
              "instance": null,
              "key": undefined,
              "nodeType": "host",
              "props": Object {
                "children": <a
                  className="waves-effect waves-light btn-large"
                >
                  <i
                    className="material-icons right"
                  >
                    play_arrow
                  </i>
                  play
                </a>,
                "className": "play-button",
                "onClick": [Function],
              },
              "ref": null,
              "rendered": Object {
                "instance": null,
                "key": undefined,
                "nodeType": "host",
                "props": Object {
                  "children": Array [
                    <i
                      className="material-icons right"
                    >
                      play_arrow
                    </i>,
                    "play",
                  ],
                  "className": "waves-effect waves-light btn-large",
                },
                "ref": null,
                "rendered": Array [
                  Object {
                    "instance": null,
                    "key": undefined,
                    "nodeType": "host",
                    "props": Object {
                      "children": "play_arrow",
                      "className": "material-icons right",
                    },
                    "ref": null,
                    "rendered": "play_arrow",
                    "type": "i",
                  },
                  "play",
                ],
                "type": "a",
              },
              "type": "div",
            },
            Object {
              "instance": null,
              "key": undefined,
              "nodeType": "host",
              "props": Object {
                "children": "2018 ©",
                "className": "footer-text",
              },
              "ref": null,
              "rendered": "2018 ©",
              "type": "span",
            },
          ],
          "type": "footer",
        },
      ],
      "type": "div",
    },
  ],
  Symbol(enzyme.__options__): Object {
    "adapter": ReactSixteenAdapter {
      "options": Object {
        "enableComponentDidUpdateOnSetState": true,
        "lifecycles": Object {
          "componentDidUpdate": Object {
            "onSetState": true,
          },
          "getDerivedStateFromProps": true,
          "getSnapshotBeforeUpdate": true,
          "setState": Object {
            "skipsComponentDidUpdateOnNullish": true,
          },
        },
      },
    },
  },
  Symbol(enzyme.__rootNodes__): Array [
    Object {
      "instance": null,
      "key": undefined,
      "nodeType": "host",
      "props": Object {
        "children": Array [
          <header
            className="app-header"
          >
            <h1>
              Rock Paper Scissors
            </h1>
          </header>,
          <main>
            <img
              alt="logo"
              className="app-logo"
              src="logo.svg"
            />
          </main>,
          <footer>
            <div
              className="play-button"
              onClick={[Function]}
            >
              <a
                className="waves-effect waves-light btn-large"
              >
                <i
                  className="material-icons right"
                >
                  play_arrow
                </i>
                play
              </a>
            </div>
            <span
              className="footer-text"
            >
              2018 ©
            </span>
          </footer>,
        ],
        "className": "App",
      },
      "ref": null,
      "rendered": Array [
        Object {
          "instance": null,
          "key": undefined,
          "nodeType": "host",
          "props": Object {
            "children": <h1>
              Rock Paper Scissors
            </h1>,
            "className": "app-header",
          },
          "ref": null,
          "rendered": Object {
            "instance": null,
            "key": undefined,
            "nodeType": "host",
            "props": Object {
              "children": "Rock Paper Scissors",
            },
            "ref": null,
            "rendered": "Rock Paper Scissors",
            "type": "h1",
          },
          "type": "header",
        },
        Object {
          "instance": null,
          "key": undefined,
          "nodeType": "host",
          "props": Object {
            "children": <img
              alt="logo"
              className="app-logo"
              src="logo.svg"
            />,
          },
          "ref": null,
          "rendered": Object {
            "instance": null,
            "key": undefined,
            "nodeType": "host",
            "props": Object {
              "alt": "logo",
              "className": "app-logo",
              "src": "logo.svg",
            },
            "ref": null,
            "rendered": null,
            "type": "img",
          },
          "type": "main",
        },
        Object {
          "instance": null,
          "key": undefined,
          "nodeType": "host",
          "props": Object {
            "children": Array [
              <div
                className="play-button"
                onClick={[Function]}
              >
                <a
                  className="waves-effect waves-light btn-large"
                >
                  <i
                    className="material-icons right"
                  >
                    play_arrow
                  </i>
                  play
                </a>
              </div>,
              <span
                className="footer-text"
              >
                2018 ©
              </span>,
            ],
          },
          "ref": null,
          "rendered": Array [
            Object {
              "instance": null,
              "key": undefined,
              "nodeType": "host",
              "props": Object {
                "children": <a
                  className="waves-effect waves-light btn-large"
                >
                  <i
                    className="material-icons right"
                  >
                    play_arrow
                  </i>
                  play
                </a>,
                "className": "play-button",
                "onClick": [Function],
              },
              "ref": null,
              "rendered": Object {
                "instance": null,
                "key": undefined,
                "nodeType": "host",
                "props": Object {
                  "children": Array [
                    <i
                      className="material-icons right"
                    >
                      play_arrow
                    </i>,
                    "play",
                  ],
                  "className": "waves-effect waves-light btn-large",
                },
                "ref": null,
                "rendered": Array [
                  Object {
                    "instance": null,
                    "key": undefined,
                    "nodeType": "host",
                    "props": Object {
                      "children": "play_arrow",
                      "className": "material-icons right",
                    },
                    "ref": null,
                    "rendered": "play_arrow",
                    "type": "i",
                  },
                  "play",
                ],
                "type": "a",
              },
              "type": "div",
            },
            Object {
              "instance": null,
              "key": undefined,
              "nodeType": "host",
              "props": Object {
                "children": "2018 ©",
                "className": "footer-text",
              },
              "ref": null,
              "rendered": "2018 ©",
              "type": "span",
            },
          ],
          "type": "footer",
        },
      ],
      "type": "div",
    },
  ],
}
`;
